../Core/Src/main.c:86:5:main	8	static
../Core/Src/main.c:171:6:SystemClock_Config	88	static
../Core/Src/main.c:218:13:MX_ADC1_Init	24	static
../Core/Src/main.c:265:13:MX_ADC2_Init	24	static
../Core/Src/main.c:312:13:MX_I2C1_Init	8	static
../Core/Src/main.c:346:13:MX_TIM2_Init	32	static
../Core/Src/main.c:391:13:MX_TIM3_Init	32	static
../Core/Src/main.c:436:13:MX_USART1_UART_Init	8	static
../Core/Src/main.c:469:13:MX_GPIO_Init	40	static
../Core/Src/main.c:515:6:Error_Handler	4	static,ignoring_inline_asm
